[02:53:22] [main/INFO] ========================================
[02:53:22] [main/INFO] Minecraft: 1.21.3
[02:53:22] [main/INFO] Side: server
[02:53:22] [main/INFO] Development: false
[02:53:22] [main/INFO] Version: 17.0.790
[02:53:22] [main/INFO] Loader:
[02:53:22] [main/INFO] - Fabric: 0.16.9
[02:53:22] [main/INFO] - Fabric API: 0.110.0+1.21.3
[02:53:22] [main/INFO] Dependencies:
[02:53:22] [main/INFO] - Cloth Config: 16.0.141
[02:53:22] [main/INFO] - Architectury: 14.0.4
[02:53:22] [main/INFO] Mixin: 0.8.7
[02:53:22] [main/INFO] OS: Linux 6.8.0-1026-azure (amd64)
[02:53:22] [main/INFO] Java: 21.0.6 (Ubuntu)
[02:53:22] [main/INFO] ========================================
[02:53:22] [main/INFO] Mods:
[02:53:22] [main/INFO] - app_cash_sqldelight_jdbc-driver: 2.0.2
[02:53:22] [main/INFO] - app_cash_sqldelight_runtime-jvm: 2.0.2
[02:53:22] [main/INFO] - architectury: 14.0.4
[02:53:22] [main/INFO] - cloth-basic-math: 0.6.1
[02:53:22] [main/INFO] - cloth-config: 16.0.141
[02:53:22] [main/INFO] - cloth-config: 16.0.141
[02:53:22] [main/INFO] - com_fasterxml_jackson_core_jackson-annotations: 2.17.2
[02:53:22] [main/INFO] - com_fasterxml_jackson_core_jackson-core: 2.17.2
[02:53:22] [main/INFO] - com_fasterxml_jackson_core_jackson-databind: 2.17.2
[02:53:22] [main/INFO] - com_h2database_h2: 2.1.214
[02:53:22] [main/INFO] - com_twelvemonkeys_common_common-image: 3.12.0
[02:53:22] [main/INFO] - com_twelvemonkeys_common_common-io: 3.12.0
[02:53:22] [main/INFO] - com_twelvemonkeys_common_common-lang: 3.12.0
[02:53:22] [main/INFO] - com_twelvemonkeys_imageio_imageio-core: 3.12.0
[02:53:22] [main/INFO] - com_twelvemonkeys_imageio_imageio-metadata: 3.12.0
[02:53:22] [main/INFO] - com_twelvemonkeys_imageio_imageio-webp: 3.12.0
[02:53:22] [main/INFO] - com_zaxxer_hikaricp: 5.1.0
[02:53:22] [main/INFO] - coords-hud: 1.2.4+mc1.21.2
[02:53:22] [main/INFO] - coords-hud-common: 1.2.4+common
[02:53:22] [main/INFO] - error_notifier: 1.0.11
[02:53:22] [main/INFO] - fabric-api: 0.110.0+1.21.3
[02:53:22] [main/INFO] - fabric-api: 0.110.0+1.21.3
[02:53:22] [main/INFO] - fabric-api-base: 0.4.50+119c825640
[02:53:22] [main/INFO] - fabric-api-lookup-api-v1: 1.6.81+fd37071f40
[02:53:22] [main/INFO] - fabric-biome-api-v1: 14.0.6+fd37071f40
[02:53:22] [main/INFO] - fabric-block-api-v1: 1.0.28+fd37071f40
[02:53:22] [main/INFO] - fabric-block-view-api-v2: 1.0.16+fd37071f40
[02:53:22] [main/INFO] - fabric-command-api-v1: 1.2.58+f71b366f40
[02:53:22] [main/INFO] - fabric-command-api-v2: 2.2.37+c9d82ab240
[02:53:22] [main/INFO] - fabric-commands-v0: 0.2.75+df3654b340
[02:53:22] [main/INFO] - fabric-content-registries-v0: 9.1.8+fd37071f40
[02:53:22] [main/INFO] - fabric-convention-tags-v1: 2.1.3+7f945d5b40
[02:53:22] [main/INFO] - fabric-convention-tags-v2: 2.9.3+84ebbb0e40
[02:53:22] [main/INFO] - fabric-crash-report-info-v1: 0.3.3+fd37071f40
[02:53:22] [main/INFO] - fabric-data-attachment-api-v1: 1.4.0+dbad41f140
[02:53:22] [main/INFO] - fabric-data-generation-api-v1: 21.0.18+fd37071f40
[02:53:22] [main/INFO] - fabric-dimensions-v1: 4.0.7+fd37071f40
[02:53:22] [main/INFO] - fabric-entity-events-v1: 2.0.8+825023f840
[02:53:22] [main/INFO] - fabric-events-interaction-v0: 2.0.12+c2c3ac4740
[02:53:22] [main/INFO] - fabric-game-rule-api-v1: 1.0.59+fd37071f40
[02:53:22] [main/INFO] - fabric-item-api-v1: 11.1.7+fd37071f40
[02:53:22] [main/INFO] - fabric-item-group-api-v1: 4.1.17+fd37071f40
[02:53:22] [main/INFO] - fabric-language-kotlin: 1.12.0+kotlin.2.0.10
[02:53:22] [main/INFO] - fabric-lifecycle-events-v1: 2.5.1+6da5ef6940
[02:53:22] [main/INFO] - fabric-loot-api-v2: 3.0.26+3f89f5a540
[02:53:22] [main/INFO] - fabric-loot-api-v3: 1.0.14+fd37071f40
[02:53:22] [main/INFO] - fabric-message-api-v1: 6.0.21+fd37071f40
[02:53:22] [main/INFO] - fabric-networking-api-v1: 4.3.5+fd37071f40
[02:53:22] [main/INFO] - fabric-object-builder-api-v1: 17.0.9+fd37071f40
[02:53:22] [main/INFO] - fabric-particles-v1: 4.0.10+fd37071f40
[02:53:22] [main/INFO] - fabric-permissions-api-v0: 0.3.3
[02:53:22] [main/INFO] - fabric-recipe-api-v1: 7.0.4+fd37071f40
[02:53:22] [main/INFO] - fabric-registry-sync-v0: 5.3.0+2758bfbf40
[02:53:22] [main/INFO] - fabric-rendering-data-attachment-v1: 0.3.54+73761d2e40
[02:53:22] [main/INFO] - fabric-rendering-fluids-v1: 3.1.15+fd37071f40
[02:53:22] [main/INFO] - fabric-resource-conditions-api-v1: 5.0.8+fd37071f40
[02:53:22] [main/INFO] - fabric-resource-loader-v0: 3.0.6+fd37071f40
[02:53:22] [main/INFO] - fabric-screen-handler-api-v1: 1.3.101+fd37071f40
[02:53:22] [main/INFO] - fabric-transfer-api-v1: 5.4.3+fd37071f40
[02:53:22] [main/INFO] - fabric-transitive-access-wideners-v1: 6.2.0+54a41b1c40
[02:53:22] [main/INFO] - fabricloader: 0.16.9
[02:53:22] [main/INFO] - ferritecore: 7.1.0-hotfix
[02:53:22] [main/INFO] - io_insert-koin_koin-core-jvm: 3.5.6
[02:53:22] [main/INFO] - io_insert-koin_koin-logger-slf4j: 3.5.6
[02:53:22] [main/INFO] - java: 21
[02:53:22] [main/INFO] - lithium: 0.14.2-snapshot+mc1.21.3-build.91
[02:53:22] [main/INFO] - minecraft: 1.21.3
[02:53:22] [main/INFO] - mixinextras: 0.4.1
[02:53:22] [main/INFO] - org_flywaydb_flyway-core: 10.20.0
[02:53:22] [main/INFO] - org_jetbrains_exposed_exposed-core: 0.48.0
[02:53:22] [main/INFO] - org_jetbrains_exposed_exposed-jdbc: 0.48.0
[02:53:22] [main/INFO] - org_jetbrains_kotlin_kotlin-reflect: 2.0.10
[02:53:22] [main/INFO] - org_jetbrains_kotlin_kotlin-stdlib: 2.0.10
[02:53:22] [main/INFO] - org_jetbrains_kotlin_kotlin-stdlib-jdk7: 2.0.10
[02:53:22] [main/INFO] - org_jetbrains_kotlin_kotlin-stdlib-jdk8: 2.0.10
[02:53:22] [main/INFO] - org_jetbrains_kotlinx_atomicfu-jvm: 0.25.0
[02:53:22] [main/INFO] - org_jetbrains_kotlinx_kotlinx-coroutines-core-jvm: 1.8.1
[02:53:22] [main/INFO] - org_jetbrains_kotlinx_kotlinx-coroutines-jdk8: 1.8.1
[02:53:22] [main/INFO] - org_jetbrains_kotlinx_kotlinx-datetime-jvm: 0.6.0
[02:53:22] [main/INFO] - org_jetbrains_kotlinx_kotlinx-io-bytestring-jvm: 0.5.1
[02:53:22] [main/INFO] - org_jetbrains_kotlinx_kotlinx-io-core-jvm: 0.5.1
[02:53:22] [main/INFO] - org_jetbrains_kotlinx_kotlinx-serialization-cbor-jvm: 1.7.1
[02:53:22] [main/INFO] - org_jetbrains_kotlinx_kotlinx-serialization-core-jvm: 1.7.1
[02:53:22] [main/INFO] - org_jetbrains_kotlinx_kotlinx-serialization-json-jvm: 1.7.1
[02:53:22] [main/INFO] - org_mineskin_java-client: 3.0.1-SNAPSHOT
[02:53:22] [main/INFO] - org_quiltmc_parsers_gson: 0.2.1
[02:53:22] [main/INFO] - org_quiltmc_parsers_json: 0.2.1
[02:53:22] [main/INFO] - org_xerial_sqlite-jdbc: 3.46.0.0
[02:53:22] [main/INFO] - placeholder-api: 2.5.0+1.21.2
[02:53:22] [main/INFO] - roughlyenoughitems: 17.0.790
[02:53:22] [main/INFO] - skinrestorer: 2.3.0+1.21-fabric
[02:53:22] [main/INFO] - voicechat: 1.21.3-2.5.26
[02:53:22] [main/INFO] - yet-another-minecraft-bingo: 2.3.1+mc1.21.3
[02:53:22] [main/INFO] - yet-another-minecraft-bingo-api: 2.3.1+api
[02:53:22] [main/INFO] - yet-another-minecraft-bingo-common: 2.3.1+common
[02:53:22] [main/INFO] - yet_another_config_lib_v3: 3.6.2+1.21.2-fabric
[02:53:22] [main/INFO] - yosbr: 0.1.2
[02:53:22] [main/INFO] ========================================
[02:53:22] [main/INFO] [REI] Registered plugin provider DefaultPlugin [roughlyenoughitems] for REICommonPlugin
[02:53:22] [main/INFO] [REI] Registered plugin provider DefaultRuntimePlugin [roughlyenoughitems] for REICommonPlugin
[02:53:22] [main/INFO] [REI] Registered plugin provider FabricFluidAPISupportPlugin for REICommonPlugin
[02:53:24] [main/DEBUG] [REI] Processed 5 tags in 474.0 μs for minecraft:fluid
[02:53:24] [main/DEBUG] [REI] Processed 260 tags in 2.736 ms for minecraft:block
[02:53:24] [main/DEBUG] [REI] Processed 3 tags in 36.91 μs for minecraft:point_of_interest_type
[02:53:24] [main/DEBUG] [REI] Processed 376 tags in 1.307 ms for minecraft:item
[02:53:24] [main/DEBUG] [REI] Processed 39 tags in 159.4 μs for minecraft:entity_type
[02:53:24] [main/DEBUG] [REI] Processed 2 tags in 12.04 μs for minecraft:cat_variant
[02:53:24] [main/DEBUG] [REI] Processed 5 tags in 49.55 μs for minecraft:game_event
[02:53:28] [Server thread/DEBUG] [REI] Starting Reload Plugins of stage null
java.lang.Throwable
	at knot//me.shedaniel.rei.impl.common.plugins.ReloadManagerImpl.reloadPlugins(ReloadManagerImpl.java:110)
	at knot//me.shedaniel.rei.RoughlyEnoughItemsCore.lambda$onInitialize$4(RoughlyEnoughItemsCore.java:153)
	at knot//dev.architectury.event.fabric.EventHandlerImpl.lambda$registerCommon$10(EventHandlerImpl.java:67)
	at knot//net.fabricmc.fabric.api.event.lifecycle.v1.ServerLifecycleEvents.lambda$static$2(ServerLifecycleEvents.java:49)
	at knot//net.minecraft.server.MinecraftServer.handler$zge000$fabric-lifecycle-events-v1$afterSetupServer(MinecraftServer.java:2704)
	at knot//net.minecraft.server.MinecraftServer.method_29741(MinecraftServer.java:682)
	at knot//net.minecraft.server.MinecraftServer.method_29739(MinecraftServer.java:292)
	at java.base/java.lang.Thread.run(Thread.java:1583)
[02:53:28] [Server thread/DEBUG] [REI] ========================================
[02:53:28] [Server thread/DEBUG] [REI] REICommonPlugin starting pre-reload for START.
[02:53:28] [Server thread/DEBUG] [REI] Reloadables (8):
[02:53:28] [Server thread/DEBUG] [REI]  - SlotAccessorRegistryImpl
[02:53:28] [Server thread/DEBUG] [REI]  - EntryTypeRegistryImpl
[02:53:28] [Server thread/DEBUG] [REI]  - EntrySettingsAdapterRegistryImpl
[02:53:28] [Server thread/DEBUG] [REI]  - ItemComparatorRegistryImpl
[02:53:28] [Server thread/DEBUG] [REI]  - FluidComparatorRegistryImpl
[02:53:28] [Server thread/DEBUG] [REI]  - DisplaySerializerRegistryImpl
[02:53:28] [Server thread/DEBUG] [REI]  - ServerDisplayRegistryImpl
[02:53:28] [Server thread/DEBUG] [REI]  - FluidSupportProviderImpl
[02:53:28] [Server thread/DEBUG] [REI] Plugins (3):
[02:53:28] [Server thread/DEBUG] [REI]  - (-100.00) DefaultPlugin of DefaultPlugin [roughlyenoughitems]
[02:53:28] [Server thread/DEBUG] [REI]  - (0.00) FabricFluidAPISupportPlugin
[02:53:28] [Server thread/DEBUG] [REI]  - (0.00) DefaultRuntimePlugin of DefaultRuntimePlugin [roughlyenoughitems]
[02:53:28] [Server thread/DEBUG] [REI] ========================================
[02:53:28] [Server thread/TRACE] [REI] [REICommonPlugin START] Reloading Section: "pre-register/"
[02:53:28] [Server thread/TRACE] [REI] [REICommonPlugin START] Reloading Section: "pre-register/DefaultPlugin of DefaultPlugin [roughlyenoughitems]/"
[02:53:28] [Server thread/TRACE] [REI] [REICommonPlugin START] Reloading Section: "pre-register/DefaultPlugin of DefaultPlugin [roughlyenoughitems]/" done in 1.123 ms
[02:53:28] [Server thread/TRACE] [REI] [REICommonPlugin START] Reloading Section: "pre-register/FabricFluidAPISupportPlugin/"
[02:53:28] [Server thread/TRACE] [REI] [REICommonPlugin START] Reloading Section: "pre-register/FabricFluidAPISupportPlugin/" done in 162.1 μs
[02:53:28] [Server thread/TRACE] [REI] [REICommonPlugin START] Reloading Section: "pre-register/DefaultRuntimePlugin of DefaultRuntimePlugin [roughlyenoughitems]/"
[02:53:28] [Server thread/TRACE] [REI] [REICommonPlugin START] Reloading Section: "pre-register/DefaultRuntimePlugin of DefaultRuntimePlugin [roughlyenoughitems]/" done in 80.72 μs
[02:53:28] [Server thread/TRACE] [REI] [REICommonPlugin START] Reloading Section: "pre-register/" done in 21.80 ms
[02:53:28] [Server thread/TRACE] [REI] [REICommonPlugin START] Reloading Section: "pre-stage/"
[02:53:28] [Server thread/TRACE] [REI] [REICommonPlugin START] Reloading Section: "pre-stage/SlotAccessorRegistryImpl/"
[02:53:28] [Server thread/TRACE] [REI] [REICommonPlugin START] Reloading Section: "pre-stage/SlotAccessorRegistryImpl/" done in 240.9 μs
[02:53:28] [Server thread/TRACE] [REI] [REICommonPlugin START] Reloading Section: "pre-stage/EntryTypeRegistryImpl/"
[02:53:28] [Server thread/TRACE] [REI] [REICommonPlugin START] Reloading Section: "pre-stage/EntryTypeRegistryImpl/" done in 140.0 μs
[02:53:28] [Server thread/TRACE] [REI] [REICommonPlugin START] Reloading Section: "pre-stage/EntrySettingsAdapterRegistryImpl/"
[02:53:28] [Server thread/TRACE] [REI] [REICommonPlugin START] Reloading Section: "pre-stage/EntrySettingsAdapterRegistryImpl/" done in 136.9 μs
[02:53:28] [Server thread/TRACE] [REI] [REICommonPlugin START] Reloading Section: "pre-stage/ItemComparatorRegistryImpl/"
[02:53:28] [Server thread/TRACE] [REI] [REICommonPlugin START] Reloading Section: "pre-stage/ItemComparatorRegistryImpl/" done in 2.530 ms
[02:53:28] [Server thread/TRACE] [REI] [REICommonPlugin START] Reloading Section: "pre-stage/FluidComparatorRegistryImpl/"
[02:53:28] [Server thread/TRACE] [REI] [REICommonPlugin START] Reloading Section: "pre-stage/FluidComparatorRegistryImpl/" done in 76.01 μs
[02:53:28] [Server thread/TRACE] [REI] [REICommonPlugin START] Reloading Section: "pre-stage/DisplaySerializerRegistryImpl/"
[02:53:28] [Server thread/TRACE] [REI] [REICommonPlugin START] Reloading Section: "pre-stage/DisplaySerializerRegistryImpl/" done in 54.40 μs
[02:53:28] [Server thread/TRACE] [REI] [REICommonPlugin START] Reloading Section: "pre-stage/ServerDisplayRegistryImpl/"
[02:53:28] [Server thread/TRACE] [REI] [REICommonPlugin START] Reloading Section: "pre-stage/ServerDisplayRegistryImpl/" done in 65.47 μs
[02:53:28] [Server thread/TRACE] [REI] [REICommonPlugin START] Reloading Section: "pre-stage/FluidSupportProviderImpl/"
[02:53:28] [Server thread/TRACE] [REI] [REICommonPlugin START] Reloading Section: "pre-stage/FluidSupportProviderImpl/" done in 50.89 μs
[02:53:28] [Server thread/TRACE] [REI] [REICommonPlugin START] Reloading Section: "pre-stage/" done in 5.149 ms
[02:53:28] [Server thread/DEBUG] [REI] ========================================
[02:53:28] [Server thread/DEBUG] [REI] REICommonPlugin finished pre-reload for START in 27.88 ms.
[02:53:28] [Server thread/DEBUG] [REI] ========================================
[02:53:28] [Server thread/INFO] [REI] @@@@@@@@@@@@@@@@@@@@@@@@@@@@@@@@@@@@@@@@
[02:53:28] [Server thread/INFO] [REI] REICommonPlugin starting main-reload for START.
[02:53:28] [Server thread/DEBUG] [REI] Reloadables (8):
[02:53:28] [Server thread/DEBUG] [REI]  - SlotAccessorRegistryImpl
[02:53:28] [Server thread/DEBUG] [REI]  - EntryTypeRegistryImpl
[02:53:28] [Server thread/DEBUG] [REI]  - EntrySettingsAdapterRegistryImpl
[02:53:28] [Server thread/DEBUG] [REI]  - ItemComparatorRegistryImpl
[02:53:28] [Server thread/DEBUG] [REI]  - FluidComparatorRegistryImpl
[02:53:28] [Server thread/DEBUG] [REI]  - DisplaySerializerRegistryImpl
[02:53:28] [Server thread/DEBUG] [REI]  - ServerDisplayRegistryImpl
[02:53:28] [Server thread/DEBUG] [REI]  - FluidSupportProviderImpl
[02:53:28] [Server thread/INFO] [REI] Plugins (3):
[02:53:28] [Server thread/INFO] [REI]  - (-100.00) DefaultPlugin of DefaultPlugin [roughlyenoughitems]
[02:53:28] [Server thread/INFO] [REI]  - (0.00) FabricFluidAPISupportPlugin
[02:53:28] [Server thread/INFO] [REI]  - (0.00) DefaultRuntimePlugin of DefaultRuntimePlugin [roughlyenoughitems]
[02:53:28] [Server thread/INFO] [REI] @@@@@@@@@@@@@@@@@@@@@@@@@@@@@@@@@@@@@@@@
[02:53:28] [Server thread/TRACE] [REI] [REICommonPlugin START] Reloading Section: "start-reload/"
[02:53:28] [Server thread/TRACE] [REI] [REICommonPlugin START] Reloading Section: "start-reload/SlotAccessorRegistryImpl/"
[02:53:28] [Server thread/TRACE] [REI] [REICommonPlugin START] Reloading Section: "start-reload/SlotAccessorRegistryImpl/" done in 67.67 μs
[02:53:28] [Server thread/TRACE] [REI] [REICommonPlugin START] Reloading Section: "start-reload/EntryTypeRegistryImpl/"
[02:53:28] [Server thread/TRACE] [REI] [REICommonPlugin START] Reloading Section: "start-reload/EntryTypeRegistryImpl/" done in 74.89 μs
[02:53:28] [Server thread/TRACE] [REI] [REICommonPlugin START] Reloading Section: "start-reload/EntrySettingsAdapterRegistryImpl/"
[02:53:28] [Server thread/TRACE] [REI] [REICommonPlugin START] Reloading Section: "start-reload/EntrySettingsAdapterRegistryImpl/" done in 78.11 μs
[02:53:28] [Server thread/TRACE] [REI] [REICommonPlugin START] Reloading Section: "start-reload/ItemComparatorRegistryImpl/"
[02:53:28] [Server thread/TRACE] [REI] [REICommonPlugin START] Reloading Section: "start-reload/ItemComparatorRegistryImpl/" done in 461.6 μs
[02:53:28] [Server thread/TRACE] [REI] [REICommonPlugin START] Reloading Section: "start-reload/FluidComparatorRegistryImpl/"
[02:53:28] [Server thread/TRACE] [REI] [REICommonPlugin START] Reloading Section: "start-reload/FluidComparatorRegistryImpl/" done in 52.56 μs
[02:53:28] [Server thread/TRACE] [REI] [REICommonPlugin START] Reloading Section: "start-reload/DisplaySerializerRegistryImpl/"
[02:53:28] [Server thread/TRACE] [REI] [REICommonPlugin START] Reloading Section: "start-reload/DisplaySerializerRegistryImpl/" done in 54.20 μs
[02:53:28] [Server thread/TRACE] [REI] [REICommonPlugin START] Reloading Section: "start-reload/ServerDisplayRegistryImpl/"
[02:53:28] [Server thread/TRACE] [REI] [REICommonPlugin START] Reloading Section: "start-reload/ServerDisplayRegistryImpl/" done in 76.22 μs
[02:53:28] [Server thread/TRACE] [REI] [REICommonPlugin START] Reloading Section: "start-reload/FluidSupportProviderImpl/"
[02:53:28] [Server thread/TRACE] [REI] [REICommonPlugin START] Reloading Section: "start-reload/FluidSupportProviderImpl/" done in 65.51 μs
[02:53:28] [Server thread/TRACE] [REI] [REICommonPlugin START] Reloading Section: "start-reload/" done in 2.438 ms
[02:53:28] [Server thread/DEBUG] [REI] ========================================
[02:53:28] [Server thread/DEBUG] [REI] REICommonPlugin started main-reload for START.
[02:53:28] [Server thread/DEBUG] [REI] ========================================
[02:53:28] [Server thread/TRACE] [REI] [REICommonPlugin START] Reloading Section: "reloadable-plugin/SlotAccessorRegistryImpl/"
[02:53:28] [Server thread/TRACE] [REI] [REICommonPlugin START] Reloading Section: "reloadable-plugin/SlotAccessorRegistryImpl/DefaultPlugin of DefaultPlugin [roughlyenoughitems]/"
[02:53:28] [Server thread/TRACE] [REI] [REICommonPlugin START] Reloading Section: "reloadable-plugin/SlotAccessorRegistryImpl/DefaultPlugin of DefaultPlugin [roughlyenoughitems]/" done in 325.2 μs
[02:53:28] [Server thread/TRACE] [REI] [REICommonPlugin START] Reloading Section: "reloadable-plugin/SlotAccessorRegistryImpl/FabricFluidAPISupportPlugin/"
[02:53:28] [Server thread/TRACE] [REI] [REICommonPlugin START] Reloading Section: "reloadable-plugin/SlotAccessorRegistryImpl/FabricFluidAPISupportPlugin/" done in 61.62 μs
[02:53:28] [Server thread/TRACE] [REI] [REICommonPlugin START] Reloading Section: "reloadable-plugin/SlotAccessorRegistryImpl/DefaultRuntimePlugin of DefaultRuntimePlugin [roughlyenoughitems]/"
[02:53:28] [Server thread/TRACE] [REI] [REICommonPlugin START] Reloading Section: "reloadable-plugin/SlotAccessorRegistryImpl/DefaultRuntimePlugin of DefaultRuntimePlugin [roughlyenoughitems]/" done in 68.51 μs
[02:53:28] [Server thread/TRACE] [REI] [REICommonPlugin START] Reloading Section: "reloadable-plugin/SlotAccessorRegistryImpl/" done in 3.066 ms
[02:53:28] [Server thread/TRACE] [REI] [REICommonPlugin START] Reloading Section: "reloadable-plugin/EntryTypeRegistryImpl/"
[02:53:28] [Server thread/TRACE] [REI] [REICommonPlugin START] Reloading Section: "reloadable-plugin/EntryTypeRegistryImpl/DefaultPlugin of DefaultPlugin [roughlyenoughitems]/"
[02:53:28] [Server thread/TRACE] [REI] [REICommonPlugin START] Reloading Section: "reloadable-plugin/EntryTypeRegistryImpl/DefaultPlugin of DefaultPlugin [roughlyenoughitems]/" done in 3.742 ms
[02:53:28] [Server thread/TRACE] [REI] [REICommonPlugin START] Reloading Section: "reloadable-plugin/EntryTypeRegistryImpl/FabricFluidAPISupportPlugin/"
[02:53:28] [Server thread/TRACE] [REI] [REICommonPlugin START] Reloading Section: "reloadable-plugin/EntryTypeRegistryImpl/FabricFluidAPISupportPlugin/" done in 64.36 μs
[02:53:28] [Server thread/TRACE] [REI] [REICommonPlugin START] Reloading Section: "reloadable-plugin/EntryTypeRegistryImpl/DefaultRuntimePlugin of DefaultRuntimePlugin [roughlyenoughitems]/"
[02:53:28] [Server thread/TRACE] [REI] [REICommonPlugin START] Reloading Section: "reloadable-plugin/EntryTypeRegistryImpl/DefaultRuntimePlugin of DefaultRuntimePlugin [roughlyenoughitems]/" done in 8.831 ms
[02:53:28] [Server thread/TRACE] [REI] [REICommonPlugin START] Reloading Section: "reloadable-plugin/EntryTypeRegistryImpl/" done in 13.08 ms
[02:53:28] [Server thread/TRACE] [REI] [REICommonPlugin START] Reloading Section: "reloadable-plugin/EntrySettingsAdapterRegistryImpl/"
[02:53:28] [Server thread/TRACE] [REI] [REICommonPlugin START] Reloading Section: "reloadable-plugin/EntrySettingsAdapterRegistryImpl/DefaultPlugin of DefaultPlugin [roughlyenoughitems]/"
[02:53:28] [Server thread/TRACE] [REI] [REICommonPlugin START] Reloading Section: "reloadable-plugin/EntrySettingsAdapterRegistryImpl/DefaultPlugin of DefaultPlugin [roughlyenoughitems]/" done in 50.65 μs
[02:53:28] [Server thread/TRACE] [REI] [REICommonPlugin START] Reloading Section: "reloadable-plugin/EntrySettingsAdapterRegistryImpl/FabricFluidAPISupportPlugin/"
[02:53:28] [Server thread/TRACE] [REI] [REICommonPlugin START] Reloading Section: "reloadable-plugin/EntrySettingsAdapterRegistryImpl/FabricFluidAPISupportPlugin/" done in 47.94 μs
[02:53:28] [Server thread/TRACE] [REI] [REICommonPlugin START] Reloading Section: "reloadable-plugin/EntrySettingsAdapterRegistryImpl/DefaultRuntimePlugin of DefaultRuntimePlugin [roughlyenoughitems]/"
[02:53:28] [Server thread/TRACE] [REI] [REICommonPlugin START] Reloading Section: "reloadable-plugin/EntrySettingsAdapterRegistryImpl/DefaultRuntimePlugin of DefaultRuntimePlugin [roughlyenoughitems]/" done in 44.68 μs
[02:53:28] [Server thread/TRACE] [REI] [REICommonPlugin START] Reloading Section: "reloadable-plugin/EntrySettingsAdapterRegistryImpl/" done in 524.6 μs
[02:53:28] [Server thread/TRACE] [REI] [REICommonPlugin START] Reloading Section: "reloadable-plugin/ItemComparatorRegistryImpl/"
[02:53:28] [Server thread/TRACE] [REI] [REICommonPlugin START] Reloading Section: "reloadable-plugin/ItemComparatorRegistryImpl/DefaultPlugin of DefaultPlugin [roughlyenoughitems]/"
[02:53:28] [Server thread/TRACE] [REI] [REICommonPlugin START] Reloading Section: "reloadable-plugin/ItemComparatorRegistryImpl/DefaultPlugin of DefaultPlugin [roughlyenoughitems]/" done in 1.280 ms
[02:53:28] [Server thread/TRACE] [REI] [REICommonPlugin START] Reloading Section: "reloadable-plugin/ItemComparatorRegistryImpl/FabricFluidAPISupportPlugin/"
[02:53:28] [Server thread/TRACE] [REI] [REICommonPlugin START] Reloading Section: "reloadable-plugin/ItemComparatorRegistryImpl/FabricFluidAPISupportPlugin/" done in 95.81 μs
[02:53:28] [Server thread/TRACE] [REI] [REICommonPlugin START] Reloading Section: "reloadable-plugin/ItemComparatorRegistryImpl/DefaultRuntimePlugin of DefaultRuntimePlugin [roughlyenoughitems]/"
[02:53:28] [Server thread/TRACE] [REI] [REICommonPlugin START] Reloading Section: "reloadable-plugin/ItemComparatorRegistryImpl/DefaultRuntimePlugin of DefaultRuntimePlugin [roughlyenoughitems]/" done in 62.79 μs
[02:53:28] [Server thread/TRACE] [REI] [REICommonPlugin START] Reloading Section: "reloadable-plugin/ItemComparatorRegistryImpl/" done in 1.833 ms
[02:53:28] [Server thread/TRACE] [REI] [REICommonPlugin START] Reloading Section: "reloadable-plugin/FluidComparatorRegistryImpl/"
[02:53:28] [Server thread/TRACE] [REI] [REICommonPlugin START] Reloading Section: "reloadable-plugin/FluidComparatorRegistryImpl/DefaultPlugin of DefaultPlugin [roughlyenoughitems]/"
[02:53:28] [Server thread/TRACE] [REI] [REICommonPlugin START] Reloading Section: "reloadable-plugin/FluidComparatorRegistryImpl/DefaultPlugin of DefaultPlugin [roughlyenoughitems]/" done in 60.42 μs
[02:53:28] [Server thread/TRACE] [REI] [REICommonPlugin START] Reloading Section: "reloadable-plugin/FluidComparatorRegistryImpl/FabricFluidAPISupportPlugin/"
[02:53:28] [Server thread/TRACE] [REI] [REICommonPlugin START] Reloading Section: "reloadable-plugin/FluidComparatorRegistryImpl/FabricFluidAPISupportPlugin/" done in 60.75 μs
[02:53:28] [Server thread/TRACE] [REI] [REICommonPlugin START] Reloading Section: "reloadable-plugin/FluidComparatorRegistryImpl/DefaultRuntimePlugin of DefaultRuntimePlugin [roughlyenoughitems]/"
[02:53:28] [Server thread/TRACE] [REI] [REICommonPlugin START] Reloading Section: "reloadable-plugin/FluidComparatorRegistryImpl/DefaultRuntimePlugin of DefaultRuntimePlugin [roughlyenoughitems]/" done in 53.41 μs
[02:53:28] [Server thread/TRACE] [REI] [REICommonPlugin START] Reloading Section: "reloadable-plugin/FluidComparatorRegistryImpl/" done in 554.1 μs
[02:53:28] [Server thread/TRACE] [REI] [REICommonPlugin START] Reloading Section: "reloadable-plugin/DisplaySerializerRegistryImpl/"
[02:53:28] [Server thread/TRACE] [REI] [REICommonPlugin START] Reloading Section: "reloadable-plugin/DisplaySerializerRegistryImpl/DefaultPlugin of DefaultPlugin [roughlyenoughitems]/"
[02:53:28] [Server thread/DEBUG] [REI] Added display serializer [minecraft:client/crafting/shaped] me.shedaniel.rei.api.common.display.DisplaySerializer$1@54c200a8
[02:53:28] [Server thread/DEBUG] [REI] Added display serializer [minecraft:client/crafting/shapeless] me.shedaniel.rei.api.common.display.DisplaySerializer$1@44b3a521
[02:53:28] [Server thread/DEBUG] [REI] Added display serializer [minecraft:client/smelting] me.shedaniel.rei.api.common.display.DisplaySerializer$1@4c7d0b73
[02:53:28] [Server thread/DEBUG] [REI] Added display serializer [minecraft:client/smoking] me.shedaniel.rei.api.common.display.DisplaySerializer$1@1f4370f8
[02:53:28] [Server thread/DEBUG] [REI] Added display serializer [minecraft:client/blasting] me.shedaniel.rei.api.common.display.DisplaySerializer$1@48b1ef77
[02:53:28] [Server thread/DEBUG] [REI] Added display serializer [minecraft:default/crafting/shaped] me.shedaniel.rei.api.common.display.DisplaySerializer$1@6d6da0a2
[02:53:28] [Server thread/DEBUG] [REI] Added display serializer [minecraft:default/crafting/shapeless] me.shedaniel.rei.api.common.display.DisplaySerializer$1@10d8ae82
[02:53:28] [Server thread/DEBUG] [REI] Added display serializer [minecraft:default/crafting/custom] me.shedaniel.rei.api.common.display.DisplaySerializer$1@2e620cf
[02:53:28] [Server thread/DEBUG] [REI] Added display serializer [minecraft:default/crafting/custom_shaped] me.shedaniel.rei.api.common.display.DisplaySerializer$1@e9a6625
[02:53:28] [Server thread/DEBUG] [REI] Added display serializer [minecraft:default/crafting/custom_shapeless] me.shedaniel.rei.api.common.display.DisplaySerializer$1@7a284d41
[02:53:28] [Server thread/DEBUG] [REI] Added display serializer [minecraft:extension/crafting/map_extending] me.shedaniel.rei.api.common.display.DisplaySerializer$1@58004757
[02:53:28] [Server thread/DEBUG] [REI] Added display serializer [minecraft:default/smelting] me.shedaniel.rei.api.common.display.DisplaySerializer$1@32694201
[02:53:28] [Server thread/DEBUG] [REI] Added display serializer [minecraft:default/smoking] me.shedaniel.rei.api.common.display.DisplaySerializer$1@4eea4c10
[02:53:28] [Server thread/DEBUG] [REI] Added display serializer [minecraft:default/blasting] me.shedaniel.rei.api.common.display.DisplaySerializer$1@2c617079
[02:53:29] [Server thread/DEBUG] [REI] Added display serializer [minecraft:default/campfire] me.shedaniel.rei.api.common.display.DisplaySerializer$1@154f54be
[02:53:29] [Server thread/DEBUG] [REI] Added display serializer [minecraft:default/stone_cutting] me.shedaniel.rei.api.common.display.DisplaySerializer$1@71fe97fe
[02:53:29] [Server thread/DEBUG] [REI] Added display serializer [minecraft:default/stripping] me.shedaniel.rei.api.common.display.DisplaySerializer$1@1be0df5d
[02:53:29] [Server thread/DEBUG] [REI] Added display serializer [minecraft:default/brewing] me.shedaniel.rei.api.common.display.DisplaySerializer$1@29c244a3
[02:53:29] [Server thread/DEBUG] [REI] Added display serializer [minecraft:default/composting] me.shedaniel.rei.api.common.display.DisplaySerializer$1@e066bae
[02:53:29] [Server thread/DEBUG] [REI] Added display serializer [minecraft:default/fuel] me.shedaniel.rei.api.common.display.DisplaySerializer$1@660fb632
[02:53:29] [Server thread/DEBUG] [REI] Added display serializer [minecraft:default/smithing] me.shedaniel.rei.api.common.display.DisplaySerializer$1@67961eb1
[02:53:29] [Server thread/DEBUG] [REI] Added display serializer [minecraft:default/anvil] me.shedaniel.rei.api.common.display.DisplaySerializer$1@b67a239
[02:53:29] [Server thread/DEBUG] [REI] Added display serializer [minecraft:default/beacon_base] me.shedaniel.rei.api.common.display.DisplaySerializer$1@efa55ad
[02:53:29] [Server thread/DEBUG] [REI] Added display serializer [minecraft:default/beacon_payment] me.shedaniel.rei.api.common.display.DisplaySerializer$1@4a64c7f3
[02:53:29] [Server thread/DEBUG] [REI] Added display serializer [minecraft:default/tilling] me.shedaniel.rei.api.common.display.DisplaySerializer$1@338dc239
[02:53:29] [Server thread/DEBUG] [REI] Added display serializer [minecraft:default/pathing] me.shedaniel.rei.api.common.display.DisplaySerializer$1@1547b3d5
[02:53:29] [Server thread/DEBUG] [REI] Added display serializer [minecraft:default/waxing] me.shedaniel.rei.api.common.display.DisplaySerializer$1@2706eba7
[02:53:29] [Server thread/DEBUG] [REI] Added display serializer [minecraft:default/waxing_scraping] me.shedaniel.rei.api.common.display.DisplaySerializer$1@7ada1ad1
[02:53:29] [Server thread/DEBUG] [REI] Added display serializer [minecraft:default/oxidizing] me.shedaniel.rei.api.common.display.DisplaySerializer$1@7a3649b9
[02:53:29] [Server thread/DEBUG] [REI] Added display serializer [minecraft:default/oxidizing_scraping] me.shedaniel.rei.api.common.display.DisplaySerializer$1@607d7254
[02:53:29] [Server thread/DEBUG] [REI] Added display serializer [roughlyenoughitems:default/information] me.shedaniel.rei.api.common.display.DisplaySerializer$1@2d36ecea
[02:53:29] [Server thread/TRACE] [REI] [REICommonPlugin START] Reloading Section: "reloadable-plugin/DisplaySerializerRegistryImpl/DefaultPlugin of DefaultPlugin [roughlyenoughitems]/" done in 185.0 ms
[02:53:29] [Server thread/TRACE] [REI] [REICommonPlugin START] Reloading Section: "reloadable-plugin/DisplaySerializerRegistryImpl/FabricFluidAPISupportPlugin/"
[02:53:29] [Server thread/TRACE] [REI] [REICommonPlugin START] Reloading Section: "reloadable-plugin/DisplaySerializerRegistryImpl/FabricFluidAPISupportPlugin/" done in 59.38 μs
[02:53:29] [Server thread/TRACE] [REI] [REICommonPlugin START] Reloading Section: "reloadable-plugin/DisplaySerializerRegistryImpl/DefaultRuntimePlugin of DefaultRuntimePlugin [roughlyenoughitems]/"
[02:53:29] [Server thread/TRACE] [REI] [REICommonPlugin START] Reloading Section: "reloadable-plugin/DisplaySerializerRegistryImpl/DefaultRuntimePlugin of DefaultRuntimePlugin [roughlyenoughitems]/" done in 46.33 μs
[02:53:29] [Server thread/TRACE] [REI] [REICommonPlugin START] Reloading Section: "reloadable-plugin/DisplaySerializerRegistryImpl/" done in 185.7 ms
[02:53:29] [Server thread/TRACE] [REI] [REICommonPlugin START] Reloading Section: "reloadable-plugin/ServerDisplayRegistryImpl/"
[02:53:29] [Server thread/TRACE] [REI] [REICommonPlugin START] Reloading Section: "reloadable-plugin/ServerDisplayRegistryImpl/DefaultPlugin of DefaultPlugin [roughlyenoughitems]/"
[02:53:29] [Server thread/TRACE] [REI] [REICommonPlugin START] Reloading Section: "reloadable-plugin/ServerDisplayRegistryImpl/DefaultPlugin of DefaultPlugin [roughlyenoughitems]/" done in 156.7 μs
[02:53:29] [Server thread/TRACE] [REI] [REICommonPlugin START] Reloading Section: "reloadable-plugin/ServerDisplayRegistryImpl/FabricFluidAPISupportPlugin/"
[02:53:29] [Server thread/TRACE] [REI] [REICommonPlugin START] Reloading Section: "reloadable-plugin/ServerDisplayRegistryImpl/FabricFluidAPISupportPlugin/" done in 44.20 μs
[02:53:29] [Server thread/TRACE] [REI] [REICommonPlugin START] Reloading Section: "reloadable-plugin/ServerDisplayRegistryImpl/DefaultRuntimePlugin of DefaultRuntimePlugin [roughlyenoughitems]/"
[02:53:29] [Server thread/TRACE] [REI] [REICommonPlugin START] Reloading Section: "reloadable-plugin/ServerDisplayRegistryImpl/DefaultRuntimePlugin of DefaultRuntimePlugin [roughlyenoughitems]/" done in 43.76 μs
[02:53:29] [Server thread/TRACE] [REI] [REICommonPlugin START] Reloading Section: "reloadable-plugin/ServerDisplayRegistryImpl/" done in 563.2 μs
[02:53:29] [Server thread/TRACE] [REI] [REICommonPlugin START] Reloading Section: "reloadable-plugin/FluidSupportProviderImpl/"
[02:53:29] [Server thread/TRACE] [REI] [REICommonPlugin START] Reloading Section: "reloadable-plugin/FluidSupportProviderImpl/DefaultPlugin of DefaultPlugin [roughlyenoughitems]/"
[02:53:29] [Server thread/TRACE] [REI] [REICommonPlugin START] Reloading Section: "reloadable-plugin/FluidSupportProviderImpl/DefaultPlugin of DefaultPlugin [roughlyenoughitems]/" done in 358.0 μs
[02:53:29] [Server thread/TRACE] [REI] [REICommonPlugin START] Reloading Section: "reloadable-plugin/FluidSupportProviderImpl/FabricFluidAPISupportPlugin/"
[02:53:29] [Server thread/TRACE] [REI] [REICommonPlugin START] Reloading Section: "reloadable-plugin/FluidSupportProviderImpl/FabricFluidAPISupportPlugin/" done in 370.5 μs
[02:53:29] [Server thread/TRACE] [REI] [REICommonPlugin START] Reloading Section: "reloadable-plugin/FluidSupportProviderImpl/DefaultRuntimePlugin of DefaultRuntimePlugin [roughlyenoughitems]/"
[02:53:29] [Server thread/TRACE] [REI] [REICommonPlugin START] Reloading Section: "reloadable-plugin/FluidSupportProviderImpl/DefaultRuntimePlugin of DefaultRuntimePlugin [roughlyenoughitems]/" done in 66.80 μs
[02:53:29] [Server thread/TRACE] [REI] [REICommonPlugin START] Reloading Section: "reloadable-plugin/FluidSupportProviderImpl/" done in 1.186 ms
[02:53:29] [Server thread/DEBUG] [REI] ========================================
[02:53:29] [Server thread/DEBUG] [REI] REICommonPlugin ending main-reload for START.
[02:53:29] [Server thread/DEBUG] [REI] ========================================
[02:53:29] [Server thread/TRACE] [REI] [REICommonPlugin START] Reloading Section: "end-reload/"
[02:53:29] [Server thread/TRACE] [REI] [REICommonPlugin START] Reloading Section: "end-reload/SlotAccessorRegistryImpl/"
[02:53:29] [Server thread/TRACE] [REI] [REICommonPlugin START] Reloading Section: "end-reload/SlotAccessorRegistryImpl/" done in 54.92 μs
[02:53:29] [Server thread/TRACE] [REI] [REICommonPlugin START] Reloading Section: "end-reload/EntryTypeRegistryImpl/"
[02:53:29] [Server thread/TRACE] [REI] [REICommonPlugin START] Reloading Section: "end-reload/EntryTypeRegistryImpl/" done in 32.09 μs
[02:53:29] [Server thread/TRACE] [REI] [REICommonPlugin START] Reloading Section: "end-reload/EntrySettingsAdapterRegistryImpl/"
[02:53:29] [Server thread/TRACE] [REI] [REICommonPlugin START] Reloading Section: "end-reload/EntrySettingsAdapterRegistryImpl/" done in 61.43 μs
[02:53:29] [Server thread/TRACE] [REI] [REICommonPlugin START] Reloading Section: "end-reload/ItemComparatorRegistryImpl/"
[02:53:29] [Server thread/TRACE] [REI] [REICommonPlugin START] Reloading Section: "end-reload/ItemComparatorRegistryImpl/" done in 40.05 μs
[02:53:29] [Server thread/TRACE] [REI] [REICommonPlugin START] Reloading Section: "end-reload/FluidComparatorRegistryImpl/"
[02:53:29] [Server thread/TRACE] [REI] [REICommonPlugin START] Reloading Section: "end-reload/FluidComparatorRegistryImpl/" done in 32.30 μs
[02:53:29] [Server thread/TRACE] [REI] [REICommonPlugin START] Reloading Section: "end-reload/DisplaySerializerRegistryImpl/"
[02:53:29] [Server thread/TRACE] [REI] [REICommonPlugin START] Reloading Section: "end-reload/DisplaySerializerRegistryImpl/" done in 5.368 ms
[02:53:29] [Server thread/TRACE] [REI] [REICommonPlugin START] Reloading Section: "end-reload/ServerDisplayRegistryImpl/"
[02:53:29] [Server thread/TRACE] [REI] [REICommonPlugin START] Reloading Section: "end-reload/ServerDisplayRegistryImpl/" done in 41.39 μs
[02:53:29] [Server thread/TRACE] [REI] [REICommonPlugin START] Reloading Section: "end-reload/FluidSupportProviderImpl/"
[02:53:29] [Server thread/TRACE] [REI] [REICommonPlugin START] Reloading Section: "end-reload/FluidSupportProviderImpl/" done in 39.80 μs
[02:53:29] [Server thread/TRACE] [REI] [REICommonPlugin START] Reloading Section: "end-reload/" done in 6.398 ms
[02:53:29] [Server thread/DEBUG] [REI] ========================================
[02:53:29] [Server thread/DEBUG] [REI] REICommonPlugin ended main-reload for START in 222.4 ms.
[02:53:29] [Server thread/DEBUG] [REI] ========================================
[02:53:29] [Server thread/DEBUG] [REI] ========================================
[02:53:29] [Server thread/DEBUG] [REI] REICommonPlugin starting post-reload for START.
[02:53:29] [Server thread/DEBUG] [REI] Reloadables (8):
[02:53:29] [Server thread/DEBUG] [REI]  - SlotAccessorRegistryImpl
[02:53:29] [Server thread/DEBUG] [REI]  - EntryTypeRegistryImpl
[02:53:29] [Server thread/DEBUG] [REI]  - EntrySettingsAdapterRegistryImpl
[02:53:29] [Server thread/DEBUG] [REI]  - ItemComparatorRegistryImpl
[02:53:29] [Server thread/DEBUG] [REI]  - FluidComparatorRegistryImpl
[02:53:29] [Server thread/DEBUG] [REI]  - DisplaySerializerRegistryImpl
[02:53:29] [Server thread/DEBUG] [REI]  - ServerDisplayRegistryImpl
[02:53:29] [Server thread/DEBUG] [REI]  - FluidSupportProviderImpl
[02:53:29] [Server thread/DEBUG] [REI] Plugins (3):
[02:53:29] [Server thread/DEBUG] [REI]  - (-100.00) DefaultPlugin of DefaultPlugin [roughlyenoughitems]
[02:53:29] [Server thread/DEBUG] [REI]  - (0.00) FabricFluidAPISupportPlugin
[02:53:29] [Server thread/DEBUG] [REI]  - (0.00) DefaultRuntimePlugin of DefaultRuntimePlugin [roughlyenoughitems]
[02:53:29] [Server thread/DEBUG] [REI] ========================================
[02:53:29] [Server thread/TRACE] [REI] [REICommonPlugin START] Reloading Section: "post-register/"
[02:53:29] [Server thread/TRACE] [REI] [REICommonPlugin START] Reloading Section: "post-register/DefaultPlugin of DefaultPlugin [roughlyenoughitems]/"
[02:53:29] [Server thread/TRACE] [REI] [REICommonPlugin START] Reloading Section: "post-register/DefaultPlugin of DefaultPlugin [roughlyenoughitems]/" done in 268.1 μs
[02:53:29] [Server thread/TRACE] [REI] [REICommonPlugin START] Reloading Section: "post-register/FabricFluidAPISupportPlugin/"
[02:53:29] [Server thread/TRACE] [REI] [REICommonPlugin START] Reloading Section: "post-register/FabricFluidAPISupportPlugin/" done in 51.78 μs
[02:53:29] [Server thread/TRACE] [REI] [REICommonPlugin START] Reloading Section: "post-register/DefaultRuntimePlugin of DefaultRuntimePlugin [roughlyenoughitems]/"
[02:53:29] [Server thread/TRACE] [REI] [REICommonPlugin START] Reloading Section: "post-register/DefaultRuntimePlugin of DefaultRuntimePlugin [roughlyenoughitems]/" done in 39.37 μs
[02:53:29] [Server thread/TRACE] [REI] [REICommonPlugin START] Reloading Section: "post-register/" done in 3.965 ms
[02:53:29] [Server thread/TRACE] [REI] [REICommonPlugin START] Reloading Section: "post-stage/"
[02:53:29] [Server thread/TRACE] [REI] [REICommonPlugin START] Reloading Section: "post-stage/SlotAccessorRegistryImpl/"
[02:53:29] [Server thread/TRACE] [REI] [REICommonPlugin START] Reloading Section: "post-stage/SlotAccessorRegistryImpl/" done in 53.42 μs
[02:53:29] [Server thread/TRACE] [REI] [REICommonPlugin START] Reloading Section: "post-stage/EntryTypeRegistryImpl/"
[02:53:29] [Server thread/TRACE] [REI] [REICommonPlugin START] Reloading Section: "post-stage/EntryTypeRegistryImpl/" done in 35.51 μs
[02:53:29] [Server thread/TRACE] [REI] [REICommonPlugin START] Reloading Section: "post-stage/EntrySettingsAdapterRegistryImpl/"
[02:53:29] [Server thread/TRACE] [REI] [REICommonPlugin START] Reloading Section: "post-stage/EntrySettingsAdapterRegistryImpl/" done in 33.83 μs
[02:53:29] [Server thread/TRACE] [REI] [REICommonPlugin START] Reloading Section: "post-stage/ItemComparatorRegistryImpl/"
[02:53:29] [Server thread/TRACE] [REI] [REICommonPlugin START] Reloading Section: "post-stage/ItemComparatorRegistryImpl/" done in 35.97 μs
[02:53:29] [Server thread/TRACE] [REI] [REICommonPlugin START] Reloading Section: "post-stage/FluidComparatorRegistryImpl/"
[02:53:29] [Server thread/TRACE] [REI] [REICommonPlugin START] Reloading Section: "post-stage/FluidComparatorRegistryImpl/" done in 36.31 μs
[02:53:29] [Server thread/TRACE] [REI] [REICommonPlugin START] Reloading Section: "post-stage/DisplaySerializerRegistryImpl/"
[02:53:29] [Server thread/TRACE] [REI] [REICommonPlugin START] Reloading Section: "post-stage/DisplaySerializerRegistryImpl/" done in 34.76 μs
[02:53:29] [Server thread/TRACE] [REI] [REICommonPlugin START] Reloading Section: "post-stage/ServerDisplayRegistryImpl/"
[02:53:29] [Server thread/TRACE] [REI] [REICommonPlugin START] Reloading Section: "post-stage/ServerDisplayRegistryImpl/" done in 46.45 μs
[02:53:29] [Server thread/TRACE] [REI] [REICommonPlugin START] Reloading Section: "post-stage/FluidSupportProviderImpl/"
[02:53:29] [Server thread/TRACE] [REI] [REICommonPlugin START] Reloading Section: "post-stage/FluidSupportProviderImpl/" done in 48.46 μs
[02:53:29] [Server thread/TRACE] [REI] [REICommonPlugin START] Reloading Section: "post-stage/" done in 1.137 ms
[02:53:29] [Server thread/DEBUG] [REI] ========================================
[02:53:29] [Server thread/INFO] [REI] REICommonPlugin finished post-reload for START in 5.651 ms, totaling 255.9 ms.
[02:53:29] [Server thread/DEBUG] [REI] ========================================
[02:53:29] [Server thread/DEBUG] [REI] ========================================
[02:53:29] [Server thread/DEBUG] [REI] REICommonPlugin starting pre-reload for END.
[02:53:29] [Server thread/DEBUG] [REI] Reloadables (8):
[02:53:29] [Server thread/DEBUG] [REI]  - SlotAccessorRegistryImpl
[02:53:29] [Server thread/DEBUG] [REI]  - EntryTypeRegistryImpl
[02:53:29] [Server thread/DEBUG] [REI]  - EntrySettingsAdapterRegistryImpl
[02:53:29] [Server thread/DEBUG] [REI]  - ItemComparatorRegistryImpl
[02:53:29] [Server thread/DEBUG] [REI]  - FluidComparatorRegistryImpl
[02:53:29] [Server thread/DEBUG] [REI]  - DisplaySerializerRegistryImpl
[02:53:29] [Server thread/DEBUG] [REI]  - ServerDisplayRegistryImpl
[02:53:29] [Server thread/DEBUG] [REI]  - FluidSupportProviderImpl
[02:53:29] [Server thread/DEBUG] [REI] Plugins (3):
[02:53:29] [Server thread/DEBUG] [REI]  - (-100.00) DefaultPlugin of DefaultPlugin [roughlyenoughitems]
[02:53:29] [Server thread/DEBUG] [REI]  - (0.00) FabricFluidAPISupportPlugin
[02:53:29] [Server thread/DEBUG] [REI]  - (0.00) DefaultRuntimePlugin of DefaultRuntimePlugin [roughlyenoughitems]
[02:53:29] [Server thread/DEBUG] [REI] ========================================
[02:53:29] [Server thread/TRACE] [REI] [REICommonPlugin END] Reloading Section: "pre-register/"
[02:53:29] [Server thread/TRACE] [REI] [REICommonPlugin END] Reloading Section: "pre-register/DefaultPlugin of DefaultPlugin [roughlyenoughitems]/"
[02:53:29] [Server thread/TRACE] [REI] [REICommonPlugin END] Reloading Section: "pre-register/DefaultPlugin of DefaultPlugin [roughlyenoughitems]/" done in 53.54 μs
[02:53:29] [Server thread/TRACE] [REI] [REICommonPlugin END] Reloading Section: "pre-register/FabricFluidAPISupportPlugin/"
[02:53:29] [Server thread/TRACE] [REI] [REICommonPlugin END] Reloading Section: "pre-register/FabricFluidAPISupportPlugin/" done in 99.67 μs
[02:53:29] [Server thread/TRACE] [REI] [REICommonPlugin END] Reloading Section: "pre-register/DefaultRuntimePlugin of DefaultRuntimePlugin [roughlyenoughitems]/"
[02:53:29] [Server thread/TRACE] [REI] [REICommonPlugin END] Reloading Section: "pre-register/DefaultRuntimePlugin of DefaultRuntimePlugin [roughlyenoughitems]/" done in 51.55 μs
[02:53:29] [Server thread/TRACE] [REI] [REICommonPlugin END] Reloading Section: "pre-register/" done in 4.612 ms
[02:53:29] [Server thread/TRACE] [REI] [REICommonPlugin END] Reloading Section: "pre-stage/"
[02:53:29] [Server thread/TRACE] [REI] [REICommonPlugin END] Reloading Section: "pre-stage/SlotAccessorRegistryImpl/"
[02:53:29] [Server thread/TRACE] [REI] [REICommonPlugin END] Reloading Section: "pre-stage/SlotAccessorRegistryImpl/" done in 37.37 μs
[02:53:29] [Server thread/TRACE] [REI] [REICommonPlugin END] Reloading Section: "pre-stage/EntryTypeRegistryImpl/"
[02:53:29] [Server thread/TRACE] [REI] [REICommonPlugin END] Reloading Section: "pre-stage/EntryTypeRegistryImpl/" done in 33.31 μs
[02:53:29] [Server thread/TRACE] [REI] [REICommonPlugin END] Reloading Section: "pre-stage/EntrySettingsAdapterRegistryImpl/"
[02:53:29] [Server thread/TRACE] [REI] [REICommonPlugin END] Reloading Section: "pre-stage/EntrySettingsAdapterRegistryImpl/" done in 33.86 μs
[02:53:29] [Server thread/TRACE] [REI] [REICommonPlugin END] Reloading Section: "pre-stage/ItemComparatorRegistryImpl/"
[02:53:29] [Server thread/TRACE] [REI] [REICommonPlugin END] Reloading Section: "pre-stage/ItemComparatorRegistryImpl/" done in 32.72 μs
[02:53:29] [Server thread/TRACE] [REI] [REICommonPlugin END] Reloading Section: "pre-stage/FluidComparatorRegistryImpl/"
[02:53:29] [Server thread/TRACE] [REI] [REICommonPlugin END] Reloading Section: "pre-stage/FluidComparatorRegistryImpl/" done in 36.70 μs
[02:53:29] [Server thread/TRACE] [REI] [REICommonPlugin END] Reloading Section: "pre-stage/DisplaySerializerRegistryImpl/"
[02:53:29] [Server thread/TRACE] [REI] [REICommonPlugin END] Reloading Section: "pre-stage/DisplaySerializerRegistryImpl/" done in 39.56 μs
[02:53:29] [Server thread/TRACE] [REI] [REICommonPlugin END] Reloading Section: "pre-stage/ServerDisplayRegistryImpl/"
[02:53:29] [Server thread/TRACE] [REI] [REICommonPlugin END] Reloading Section: "pre-stage/ServerDisplayRegistryImpl/" done in 36.48 μs
[02:53:29] [Server thread/TRACE] [REI] [REICommonPlugin END] Reloading Section: "pre-stage/FluidSupportProviderImpl/"
[02:53:29] [Server thread/TRACE] [REI] [REICommonPlugin END] Reloading Section: "pre-stage/FluidSupportProviderImpl/" done in 34.24 μs
[02:53:29] [Server thread/TRACE] [REI] [REICommonPlugin END] Reloading Section: "pre-stage/" done in 4.638 ms
[02:53:29] [Server thread/DEBUG] [REI] ========================================
[02:53:29] [Server thread/DEBUG] [REI] REICommonPlugin finished pre-reload for END in 9.432 ms.
[02:53:29] [Server thread/DEBUG] [REI] ========================================
[02:53:29] [Server thread/INFO] [REI] OOOOOOOOOOOOOOOOOOOOOOOOOOOOOOOOOOOOOOOO
[02:53:29] [Server thread/INFO] [REI] REICommonPlugin starting main-reload for END.
[02:53:29] [Server thread/DEBUG] [REI] Reloadables (8):
[02:53:29] [Server thread/DEBUG] [REI]  - SlotAccessorRegistryImpl
[02:53:29] [Server thread/DEBUG] [REI]  - EntryTypeRegistryImpl
[02:53:29] [Server thread/DEBUG] [REI]  - EntrySettingsAdapterRegistryImpl
[02:53:29] [Server thread/DEBUG] [REI]  - ItemComparatorRegistryImpl
[02:53:29] [Server thread/DEBUG] [REI]  - FluidComparatorRegistryImpl
[02:53:29] [Server thread/DEBUG] [REI]  - DisplaySerializerRegistryImpl
[02:53:29] [Server thread/DEBUG] [REI]  - ServerDisplayRegistryImpl
[02:53:29] [Server thread/DEBUG] [REI]  - FluidSupportProviderImpl
[02:53:29] [Server thread/INFO] [REI] Plugins (3):
[02:53:29] [Server thread/INFO] [REI]  - (-100.00) DefaultPlugin of DefaultPlugin [roughlyenoughitems]
[02:53:29] [Server thread/INFO] [REI]  - (0.00) FabricFluidAPISupportPlugin
[02:53:29] [Server thread/INFO] [REI]  - (0.00) DefaultRuntimePlugin of DefaultRuntimePlugin [roughlyenoughitems]
[02:53:29] [Server thread/INFO] [REI] OOOOOOOOOOOOOOOOOOOOOOOOOOOOOOOOOOOOOOOO
[02:53:29] [Server thread/TRACE] [REI] [REICommonPlugin END] Reloading Section: "start-reload/"
[02:53:29] [Server thread/TRACE] [REI] [REICommonPlugin END] Reloading Section: "start-reload/SlotAccessorRegistryImpl/"
[02:53:29] [Server thread/TRACE] [REI] [REICommonPlugin END] Reloading Section: "start-reload/SlotAccessorRegistryImpl/" done in 51.71 μs
[02:53:29] [Server thread/TRACE] [REI] [REICommonPlugin END] Reloading Section: "start-reload/EntryTypeRegistryImpl/"
[02:53:29] [Server thread/TRACE] [REI] [REICommonPlugin END] Reloading Section: "start-reload/EntryTypeRegistryImpl/" done in 37.39 μs
[02:53:29] [Server thread/TRACE] [REI] [REICommonPlugin END] Reloading Section: "start-reload/EntrySettingsAdapterRegistryImpl/"
[02:53:29] [Server thread/TRACE] [REI] [REICommonPlugin END] Reloading Section: "start-reload/EntrySettingsAdapterRegistryImpl/" done in 53.77 μs
[02:53:29] [Server thread/TRACE] [REI] [REICommonPlugin END] Reloading Section: "start-reload/ItemComparatorRegistryImpl/"
[02:53:29] [Server thread/TRACE] [REI] [REICommonPlugin END] Reloading Section: "start-reload/ItemComparatorRegistryImpl/" done in 60.82 μs
[02:53:29] [Server thread/TRACE] [REI] [REICommonPlugin END] Reloading Section: "start-reload/FluidComparatorRegistryImpl/"
[02:53:29] [Server thread/TRACE] [REI] [REICommonPlugin END] Reloading Section: "start-reload/FluidComparatorRegistryImpl/" done in 33.20 μs
[02:53:29] [Server thread/TRACE] [REI] [REICommonPlugin END] Reloading Section: "start-reload/DisplaySerializerRegistryImpl/"
[02:53:29] [Server thread/TRACE] [REI] [REICommonPlugin END] Reloading Section: "start-reload/DisplaySerializerRegistryImpl/" done in 42.02 μs
[02:53:29] [Server thread/TRACE] [REI] [REICommonPlugin END] Reloading Section: "start-reload/ServerDisplayRegistryImpl/"
[02:53:29] [Server thread/TRACE] [REI] [REICommonPlugin END] Reloading Section: "start-reload/ServerDisplayRegistryImpl/" done in 92.22 μs
[02:53:29] [Server thread/TRACE] [REI] [REICommonPlugin END] Reloading Section: "start-reload/FluidSupportProviderImpl/"
[02:53:29] [Server thread/TRACE] [REI] [REICommonPlugin END] Reloading Section: "start-reload/FluidSupportProviderImpl/" done in 33.41 μs
[02:53:29] [Server thread/TRACE] [REI] [REICommonPlugin END] Reloading Section: "start-reload/" done in 1.095 ms
[02:53:29] [Server thread/DEBUG] [REI] ========================================
[02:53:29] [Server thread/DEBUG] [REI] REICommonPlugin started main-reload for END.
[02:53:29] [Server thread/DEBUG] [REI] ========================================
[02:53:29] [Server thread/TRACE] [REI] [REICommonPlugin END] Reloading Section: "reloadable-plugin/SlotAccessorRegistryImpl/"
[02:53:29] [Server thread/TRACE] [REI] [REICommonPlugin END] Reloading Section: "reloadable-plugin/SlotAccessorRegistryImpl/DefaultPlugin of DefaultPlugin [roughlyenoughitems]/"
[02:53:29] [Server thread/TRACE] [REI] [REICommonPlugin END] Reloading Section: "reloadable-plugin/SlotAccessorRegistryImpl/DefaultPlugin of DefaultPlugin [roughlyenoughitems]/" done in 64.45 μs
[02:53:29] [Server thread/TRACE] [REI] [REICommonPlugin END] Reloading Section: "reloadable-plugin/SlotAccessorRegistryImpl/FabricFluidAPISupportPlugin/"
[02:53:29] [Server thread/TRACE] [REI] [REICommonPlugin END] Reloading Section: "reloadable-plugin/SlotAccessorRegistryImpl/FabricFluidAPISupportPlugin/" done in 48.49 μs
[02:53:29] [Server thread/TRACE] [REI] [REICommonPlugin END] Reloading Section: "reloadable-plugin/SlotAccessorRegistryImpl/DefaultRuntimePlugin of DefaultRuntimePlugin [roughlyenoughitems]/"
[02:53:29] [Server thread/DEBUG] [REI] Added slot accessor serializer: me.shedaniel.rei.plugin.common.runtime.DefaultRuntimePlugin$1@3dc267f0 [roughlyenoughitems:vanilla]
[02:53:29] [Server thread/DEBUG] [REI] Added slot accessor serializer: me.shedaniel.rei.plugin.common.runtime.DefaultRuntimePlugin$2@47756ad [roughlyenoughitems:player]
[02:53:29] [Server thread/TRACE] [REI] [REICommonPlugin END] Reloading Section: "reloadable-plugin/SlotAccessorRegistryImpl/DefaultRuntimePlugin of DefaultRuntimePlugin [roughlyenoughitems]/" done in 1.860 ms
[02:53:29] [Server thread/TRACE] [REI] [REICommonPlugin END] Reloading Section: "reloadable-plugin/SlotAccessorRegistryImpl/" done in 6.327 ms
[02:53:29] [Server thread/TRACE] [REI] [REICommonPlugin END] Reloading Section: "reloadable-plugin/EntryTypeRegistryImpl/"
[02:53:29] [Server thread/TRACE] [REI] [REICommonPlugin END] Reloading Section: "reloadable-plugin/EntryTypeRegistryImpl/DefaultPlugin of DefaultPlugin [roughlyenoughitems]/"
[02:53:29] [Server thread/TRACE] [REI] [REICommonPlugin END] Reloading Section: "reloadable-plugin/EntryTypeRegistryImpl/DefaultPlugin of DefaultPlugin [roughlyenoughitems]/" done in 55.91 μs
[02:53:29] [Server thread/TRACE] [REI] [REICommonPlugin END] Reloading Section: "reloadable-plugin/EntryTypeRegistryImpl/FabricFluidAPISupportPlugin/"
[02:53:29] [Server thread/TRACE] [REI] [REICommonPlugin END] Reloading Section: "reloadable-plugin/EntryTypeRegistryImpl/FabricFluidAPISupportPlugin/" done in 46.62 μs
[02:53:29] [Server thread/TRACE] [REI] [REICommonPlugin END] Reloading Section: "reloadable-plugin/EntryTypeRegistryImpl/DefaultRuntimePlugin of DefaultRuntimePlugin [roughlyenoughitems]/"
[02:53:29] [Server thread/TRACE] [REI] [REICommonPlugin END] Reloading Section: "reloadable-plugin/EntryTypeRegistryImpl/DefaultRuntimePlugin of DefaultRuntimePlugin [roughlyenoughitems]/" done in 44.32 μs
[02:53:29] [Server thread/TRACE] [REI] [REICommonPlugin END] Reloading Section: "reloadable-plugin/EntryTypeRegistryImpl/" done in 514.8 μs
[02:53:29] [Server thread/TRACE] [REI] [REICommonPlugin END] Reloading Section: "reloadable-plugin/EntrySettingsAdapterRegistryImpl/"
[02:53:29] [Server thread/TRACE] [REI] [REICommonPlugin END] Reloading Section: "reloadable-plugin/EntrySettingsAdapterRegistryImpl/DefaultPlugin of DefaultPlugin [roughlyenoughitems]/"
[02:53:29] [Server thread/TRACE] [REI] [REICommonPlugin END] Reloading Section: "reloadable-plugin/EntrySettingsAdapterRegistryImpl/DefaultPlugin of DefaultPlugin [roughlyenoughitems]/" done in 66.60 μs
[02:53:29] [Server thread/TRACE] [REI] [REICommonPlugin END] Reloading Section: "reloadable-plugin/EntrySettingsAdapterRegistryImpl/FabricFluidAPISupportPlugin/"
[02:53:29] [Server thread/TRACE] [REI] [REICommonPlugin END] Reloading Section: "reloadable-plugin/EntrySettingsAdapterRegistryImpl/FabricFluidAPISupportPlugin/" done in 95.42 μs
[02:53:29] [Server thread/TRACE] [REI] [REICommonPlugin END] Reloading Section: "reloadable-plugin/EntrySettingsAdapterRegistryImpl/DefaultRuntimePlugin of DefaultRuntimePlugin [roughlyenoughitems]/"
[02:53:29] [Server thread/TRACE] [REI] [REICommonPlugin END] Reloading Section: "reloadable-plugin/EntrySettingsAdapterRegistryImpl/DefaultRuntimePlugin of DefaultRuntimePlugin [roughlyenoughitems]/" done in 57.91 μs
[02:53:29] [Server thread/TRACE] [REI] [REICommonPlugin END] Reloading Section: "reloadable-plugin/EntrySettingsAdapterRegistryImpl/" done in 6.647 ms
[02:53:29] [Server thread/TRACE] [REI] [REICommonPlugin END] Reloading Section: "reloadable-plugin/ItemComparatorRegistryImpl/"
[02:53:29] [Server thread/TRACE] [REI] [REICommonPlugin END] Reloading Section: "reloadable-plugin/ItemComparatorRegistryImpl/DefaultPlugin of DefaultPlugin [roughlyenoughitems]/"
[02:53:29] [Server thread/TRACE] [REI] [REICommonPlugin END] Reloading Section: "reloadable-plugin/ItemComparatorRegistryImpl/DefaultPlugin of DefaultPlugin [roughlyenoughitems]/" done in 48.83 μs
[02:53:29] [Server thread/TRACE] [REI] [REICommonPlugin END] Reloading Section: "reloadable-plugin/ItemComparatorRegistryImpl/FabricFluidAPISupportPlugin/"
[02:53:29] [Server thread/TRACE] [REI] [REICommonPlugin END] Reloading Section: "reloadable-plugin/ItemComparatorRegistryImpl/FabricFluidAPISupportPlugin/" done in 40.13 μs
[02:53:29] [Server thread/TRACE] [REI] [REICommonPlugin END] Reloading Section: "reloadable-plugin/ItemComparatorRegistryImpl/DefaultRuntimePlugin of DefaultRuntimePlugin [roughlyenoughitems]/"
[02:53:29] [Server thread/TRACE] [REI] [REICommonPlugin END] Reloading Section: "reloadable-plugin/ItemComparatorRegistryImpl/DefaultRuntimePlugin of DefaultRuntimePlugin [roughlyenoughitems]/" done in 46.85 μs
[02:53:29] [Server thread/TRACE] [REI] [REICommonPlugin END] Reloading Section: "reloadable-plugin/ItemComparatorRegistryImpl/" done in 461.6 μs
[02:53:29] [Server thread/TRACE] [REI] [REICommonPlugin END] Reloading Section: "reloadable-plugin/FluidComparatorRegistryImpl/"
[02:53:29] [Server thread/TRACE] [REI] [REICommonPlugin END] Reloading Section: "reloadable-plugin/FluidComparatorRegistryImpl/DefaultPlugin of DefaultPlugin [roughlyenoughitems]/"
[02:53:29] [Server thread/TRACE] [REI] [REICommonPlugin END] Reloading Section: "reloadable-plugin/FluidComparatorRegistryImpl/DefaultPlugin of DefaultPlugin [roughlyenoughitems]/" done in 66.05 μs
[02:53:29] [Server thread/TRACE] [REI] [REICommonPlugin END] Reloading Section: "reloadable-plugin/FluidComparatorRegistryImpl/FabricFluidAPISupportPlugin/"
[02:53:29] [Server thread/TRACE] [REI] [REICommonPlugin END] Reloading Section: "reloadable-plugin/FluidComparatorRegistryImpl/FabricFluidAPISupportPlugin/" done in 50.16 μs
[02:53:29] [Server thread/TRACE] [REI] [REICommonPlugin END] Reloading Section: "reloadable-plugin/FluidComparatorRegistryImpl/DefaultRuntimePlugin of DefaultRuntimePlugin [roughlyenoughitems]/"
[02:53:29] [Server thread/TRACE] [REI] [REICommonPlugin END] Reloading Section: "reloadable-plugin/FluidComparatorRegistryImpl/DefaultRuntimePlugin of DefaultRuntimePlugin [roughlyenoughitems]/" done in 51.00 μs
[02:53:29] [Server thread/TRACE] [REI] [REICommonPlugin END] Reloading Section: "reloadable-plugin/FluidComparatorRegistryImpl/" done in 519.2 μs
[02:53:29] [Server thread/TRACE] [REI] [REICommonPlugin END] Reloading Section: "reloadable-plugin/DisplaySerializerRegistryImpl/"
[02:53:29] [Server thread/TRACE] [REI] [REICommonPlugin END] Reloading Section: "reloadable-plugin/DisplaySerializerRegistryImpl/DefaultPlugin of DefaultPlugin [roughlyenoughitems]/"
[02:53:29] [Server thread/TRACE] [REI] [REICommonPlugin END] Reloading Section: "reloadable-plugin/DisplaySerializerRegistryImpl/DefaultPlugin of DefaultPlugin [roughlyenoughitems]/" done in 49.76 μs
[02:53:29] [Server thread/TRACE] [REI] [REICommonPlugin END] Reloading Section: "reloadable-plugin/DisplaySerializerRegistryImpl/FabricFluidAPISupportPlugin/"
[02:53:29] [Server thread/TRACE] [REI] [REICommonPlugin END] Reloading Section: "reloadable-plugin/DisplaySerializerRegistryImpl/FabricFluidAPISupportPlugin/" done in 45.46 μs
[02:53:29] [Server thread/TRACE] [REI] [REICommonPlugin END] Reloading Section: "reloadable-plugin/DisplaySerializerRegistryImpl/DefaultRuntimePlugin of DefaultRuntimePlugin [roughlyenoughitems]/"
[02:53:29] [Server thread/TRACE] [REI] [REICommonPlugin END] Reloading Section: "reloadable-plugin/DisplaySerializerRegistryImpl/DefaultRuntimePlugin of DefaultRuntimePlugin [roughlyenoughitems]/" done in 43.93 μs
[02:53:29] [Server thread/TRACE] [REI] [REICommonPlugin END] Reloading Section: "reloadable-plugin/DisplaySerializerRegistryImpl/" done in 466.0 μs
[02:53:29] [Server thread/TRACE] [REI] [REICommonPlugin END] Reloading Section: "reloadable-plugin/ServerDisplayRegistryImpl/"
[02:53:29] [Server thread/TRACE] [REI] [REICommonPlugin END] Reloading Section: "reloadable-plugin/ServerDisplayRegistryImpl/DefaultPlugin of DefaultPlugin [roughlyenoughitems]/"
[02:53:29] [Server thread/DEBUG] [REI] Added display filter: me.shedaniel.rei.api.common.registry.display.DisplayConsumer$RecipeManagerConsumer$RecipeFillerBuilder$$Lambda/0x0000753ff5222b88@2eb8ba37
[02:53:29] [Server thread/DEBUG] [REI] Added display filter: me.shedaniel.rei.api.common.registry.display.DisplayConsumer$RecipeManagerConsumer$RecipeFillerBuilder$$Lambda/0x0000753ff5222b88@28f5eb94
[02:53:29] [Server thread/DEBUG] [REI] Added display filter: me.shedaniel.rei.api.common.registry.display.DisplayConsumer$RecipeManagerConsumer$RecipeFillerBuilder$$Lambda/0x0000753ff5222b88@493fab0d
[02:53:29] [Server thread/DEBUG] [REI] Added display filter: me.shedaniel.rei.api.common.registry.display.DisplayConsumer$RecipeManagerConsumer$RecipeFillerBuilder$$Lambda/0x0000753ff5222b88@349ca3ab
[02:53:29] [Server thread/DEBUG] [REI] Added display filter: me.shedaniel.rei.api.common.registry.display.DisplayConsumer$RecipeManagerConsumer$RecipeFillerBuilder$$Lambda/0x0000753ff5222b88@4c1dbc2c
[02:53:29] [Server thread/DEBUG] [REI] Added display filter: me.shedaniel.rei.api.common.registry.display.DisplayConsumer$RecipeManagerConsumer$RecipeFillerBuilder$$Lambda/0x0000753ff5222b88@3ce60f8c
[02:53:29] [Server thread/DEBUG] [REI] Added display filter: me.shedaniel.rei.api.common.registry.display.DisplayConsumer$RecipeManagerConsumer$RecipeFillerBuilder$$Lambda/0x0000753ff5222b88@15429047
[02:53:29] [Server thread/DEBUG] [REI] Added display filter: me.shedaniel.rei.api.common.registry.display.DisplayConsumer$RecipeManagerConsumer$RecipeFillerBuilder$$Lambda/0x0000753ff5224370@f596a42
[02:53:29] [Server thread/DEBUG] [REI] Added display filter: me.shedaniel.rei.api.common.registry.display.DisplayConsumer$RecipeManagerConsumer$RecipeFillerBuilder$$Lambda/0x0000753ff5224370@a48c8b3
[02:53:29] [Server thread/DEBUG] [REI] Added display filter: me.shedaniel.rei.api.common.registry.display.DisplayConsumer$RecipeManagerConsumer$RecipeFillerBuilder$$Lambda/0x0000753ff5224370@34909472
[02:53:29] [Server thread/DEBUG] [REI] Added display filter: me.shedaniel.rei.api.common.registry.display.DisplayConsumer$RecipeManagerConsumer$RecipeFillerBuilder$$Lambda/0x0000753ff5224370@7a5d72ed
[02:53:29] [Server thread/DEBUG] [REI] Added display filter: me.shedaniel.rei.api.common.registry.display.DisplayConsumer$RecipeManagerConsumer$RecipeFillerBuilder$$Lambda/0x0000753ff5224370@3e920c9e
[02:53:29] [Server thread/DEBUG] [REI] Added display filter: me.shedaniel.rei.api.common.registry.display.DisplayConsumer$RecipeManagerConsumer$RecipeFillerBuilder$$Lambda/0x0000753ff5224370@72d346af
[02:53:29] [Server thread/DEBUG] [REI] Added display filter: me.shedaniel.rei.api.common.registry.display.DisplayConsumer$RecipeManagerConsumer$RecipeFillerBuilder$$Lambda/0x0000753ff5224370@42506f83
[02:53:29] [Server thread/DEBUG] [REI] Added display filter: me.shedaniel.rei.api.common.registry.display.DisplayConsumer$RecipeManagerConsumer$RecipeFillerBuilder$$Lambda/0x0000753ff5224370@530bb73e
[02:53:29] [Server thread/DEBUG] [REI] Added display filter: me.shedaniel.rei.api.common.registry.display.DisplayConsumer$RecipeManagerConsumer$RecipeFillerBuilder$$Lambda/0x0000753ff5224370@7dd3a73d
[02:53:29] [Server thread/TRACE] [REI] [REICommonPlugin END] Reloading Section: "reloadable-plugin/ServerDisplayRegistryImpl/DefaultPlugin of DefaultPlugin [roughlyenoughitems]/" done in 19.58 ms
[02:53:29] [Server thread/TRACE] [REI] [REICommonPlugin END] Reloading Section: "reloadable-plugin/ServerDisplayRegistryImpl/FabricFluidAPISupportPlugin/"
[02:53:29] [Server thread/TRACE] [REI] [REICommonPlugin END] Reloading Section: "reloadable-plugin/ServerDisplayRegistryImpl/FabricFluidAPISupportPlugin/" done in 50.67 μs
[02:53:29] [Server thread/TRACE] [REI] [REICommonPlugin END] Reloading Section: "reloadable-plugin/ServerDisplayRegistryImpl/DefaultRuntimePlugin of DefaultRuntimePlugin [roughlyenoughitems]/"
[02:53:29] [Server thread/TRACE] [REI] [REICommonPlugin END] Reloading Section: "reloadable-plugin/ServerDisplayRegistryImpl/DefaultRuntimePlugin of DefaultRuntimePlugin [roughlyenoughitems]/" done in 40.64 μs
[02:53:29] [Server thread/TRACE] [REI] [REICommonPlugin END] Reloading Section: "reloadable-plugin/ServerDisplayRegistryImpl/" done in 20.02 ms
[02:53:29] [Server thread/TRACE] [REI] [REICommonPlugin END] Reloading Section: "reloadable-plugin/FluidSupportProviderImpl/"
[02:53:29] [Server thread/TRACE] [REI] [REICommonPlugin END] Reloading Section: "reloadable-plugin/FluidSupportProviderImpl/DefaultPlugin of DefaultPlugin [roughlyenoughitems]/"
[02:53:29] [Server thread/TRACE] [REI] [REICommonPlugin END] Reloading Section: "reloadable-plugin/FluidSupportProviderImpl/DefaultPlugin of DefaultPlugin [roughlyenoughitems]/" done in 28.83 μs
[02:53:29] [Server thread/TRACE] [REI] [REICommonPlugin END] Reloading Section: "reloadable-plugin/FluidSupportProviderImpl/FabricFluidAPISupportPlugin/"
[02:53:29] [Server thread/TRACE] [REI] [REICommonPlugin END] Reloading Section: "reloadable-plugin/FluidSupportProviderImpl/FabricFluidAPISupportPlugin/" done in 30.87 μs
[02:53:29] [Server thread/TRACE] [REI] [REICommonPlugin END] Reloading Section: "reloadable-plugin/FluidSupportProviderImpl/DefaultRuntimePlugin of DefaultRuntimePlugin [roughlyenoughitems]/"
[02:53:29] [Server thread/TRACE] [REI] [REICommonPlugin END] Reloading Section: "reloadable-plugin/FluidSupportProviderImpl/DefaultRuntimePlugin of DefaultRuntimePlugin [roughlyenoughitems]/" done in 29.63 μs
[02:53:29] [Server thread/TRACE] [REI] [REICommonPlugin END] Reloading Section: "reloadable-plugin/FluidSupportProviderImpl/" done in 316.8 μs
[02:53:29] [Server thread/DEBUG] [REI] ========================================
[02:53:29] [Server thread/DEBUG] [REI] REICommonPlugin ending main-reload for END.
[02:53:29] [Server thread/DEBUG] [REI] ========================================
[02:53:29] [Server thread/TRACE] [REI] [REICommonPlugin END] Reloading Section: "end-reload/"
[02:53:29] [Server thread/TRACE] [REI] [REICommonPlugin END] Reloading Section: "end-reload/SlotAccessorRegistryImpl/"
[02:53:29] [Server thread/DEBUG] [REI] Registered 2 slot accessor serializers
[02:53:29] [Server thread/TRACE] [REI] [REICommonPlugin END] Reloading Section: "end-reload/SlotAccessorRegistryImpl/" done in 82.11 μs
[02:53:29] [Server thread/TRACE] [REI] [REICommonPlugin END] Reloading Section: "end-reload/EntryTypeRegistryImpl/"
[02:53:29] [Server thread/TRACE] [REI] [REICommonPlugin END] Reloading Section: "end-reload/EntryTypeRegistryImpl/" done in 23.20 μs
[02:53:29] [Server thread/TRACE] [REI] [REICommonPlugin END] Reloading Section: "end-reload/EntrySettingsAdapterRegistryImpl/"
[02:53:29] [Server thread/TRACE] [REI] [REICommonPlugin END] Reloading Section: "end-reload/EntrySettingsAdapterRegistryImpl/" done in 21.01 μs
[02:53:29] [Server thread/TRACE] [REI] [REICommonPlugin END] Reloading Section: "end-reload/ItemComparatorRegistryImpl/"
[02:53:29] [Server thread/TRACE] [REI] [REICommonPlugin END] Reloading Section: "end-reload/ItemComparatorRegistryImpl/" done in 20.25 μs
[02:53:29] [Server thread/TRACE] [REI] [REICommonPlugin END] Reloading Section: "end-reload/FluidComparatorRegistryImpl/"
[02:53:29] [Server thread/TRACE] [REI] [REICommonPlugin END] Reloading Section: "end-reload/FluidComparatorRegistryImpl/" done in 35.99 μs
[02:53:29] [Server thread/TRACE] [REI] [REICommonPlugin END] Reloading Section: "end-reload/DisplaySerializerRegistryImpl/"
[02:53:29] [Server thread/TRACE] [REI] [REICommonPlugin END] Reloading Section: "end-reload/DisplaySerializerRegistryImpl/" done in 31.96 μs
[02:53:29] [Server thread/TRACE] [REI] [REICommonPlugin END] Reloading Section: "end-reload/ServerDisplayRegistryImpl/"
[02:53:29] [Server thread/DEBUG] [REI] Found preliminary 0 displays
[02:53:29] [Server thread/DEBUG] [REI] Filled 1715 displays from recipe manager in 219.9 ms
[02:53:29] [Server thread/TRACE] [REI] [REICommonPlugin END] Reloading Section: "end-reload/ServerDisplayRegistryImpl/" done in 220.3 ms
[02:53:29] [Server thread/TRACE] [REI] [REICommonPlugin END] Reloading Section: "end-reload/FluidSupportProviderImpl/"
[02:53:29] [Server thread/TRACE] [REI] [REICommonPlugin END] Reloading Section: "end-reload/FluidSupportProviderImpl/" done in 41.50 μs
[02:53:29] [Server thread/TRACE] [REI] [REICommonPlugin END] Reloading Section: "end-reload/" done in 221.2 ms
[02:53:29] [Server thread/DEBUG] [REI] ========================================
[02:53:29] [Server thread/DEBUG] [REI] REICommonPlugin ended main-reload for END in 264.6 ms.
[02:53:29] [Server thread/DEBUG] [REI] ========================================
[02:53:29] [Server thread/DEBUG] [REI] ========================================
[02:53:29] [Server thread/DEBUG] [REI] REICommonPlugin starting post-reload for END.
[02:53:29] [Server thread/DEBUG] [REI] Reloadables (8):
[02:53:29] [Server thread/DEBUG] [REI]  - SlotAccessorRegistryImpl
[02:53:29] [Server thread/DEBUG] [REI]  - EntryTypeRegistryImpl
[02:53:29] [Server thread/DEBUG] [REI]  - EntrySettingsAdapterRegistryImpl
[02:53:29] [Server thread/DEBUG] [REI]  - ItemComparatorRegistryImpl
[02:53:29] [Server thread/DEBUG] [REI]  - FluidComparatorRegistryImpl
[02:53:29] [Server thread/DEBUG] [REI]  - DisplaySerializerRegistryImpl
[02:53:29] [Server thread/DEBUG] [REI]  - ServerDisplayRegistryImpl
[02:53:29] [Server thread/DEBUG] [REI]  - FluidSupportProviderImpl
[02:53:29] [Server thread/DEBUG] [REI] Plugins (3):
[02:53:29] [Server thread/DEBUG] [REI]  - (-100.00) DefaultPlugin of DefaultPlugin [roughlyenoughitems]
[02:53:29] [Server thread/DEBUG] [REI]  - (0.00) FabricFluidAPISupportPlugin
[02:53:29] [Server thread/DEBUG] [REI]  - (0.00) DefaultRuntimePlugin of DefaultRuntimePlugin [roughlyenoughitems]
[02:53:29] [Server thread/DEBUG] [REI] ========================================
[02:53:29] [Server thread/TRACE] [REI] [REICommonPlugin END] Reloading Section: "post-register/"
[02:53:29] [Server thread/TRACE] [REI] [REICommonPlugin END] Reloading Section: "post-register/DefaultPlugin of DefaultPlugin [roughlyenoughitems]/"
[02:53:29] [Server thread/TRACE] [REI] [REICommonPlugin END] Reloading Section: "post-register/DefaultPlugin of DefaultPlugin [roughlyenoughitems]/" done in 41.89 μs
[02:53:29] [Server thread/TRACE] [REI] [REICommonPlugin END] Reloading Section: "post-register/FabricFluidAPISupportPlugin/"
[02:53:29] [Server thread/TRACE] [REI] [REICommonPlugin END] Reloading Section: "post-register/FabricFluidAPISupportPlugin/" done in 47.31 μs
[02:53:29] [Server thread/TRACE] [REI] [REICommonPlugin END] Reloading Section: "post-register/DefaultRuntimePlugin of DefaultRuntimePlugin [roughlyenoughitems]/"
[02:53:29] [Server thread/TRACE] [REI] [REICommonPlugin END] Reloading Section: "post-register/DefaultRuntimePlugin of DefaultRuntimePlugin [roughlyenoughitems]/" done in 37.52 μs
[02:53:29] [Server thread/TRACE] [REI] [REICommonPlugin END] Reloading Section: "post-register/" done in 426.2 μs
[02:53:29] [Server thread/TRACE] [REI] [REICommonPlugin END] Reloading Section: "post-stage/"
[02:53:29] [Server thread/TRACE] [REI] [REICommonPlugin END] Reloading Section: "post-stage/SlotAccessorRegistryImpl/"
[02:53:29] [Server thread/TRACE] [REI] [REICommonPlugin END] Reloading Section: "post-stage/SlotAccessorRegistryImpl/" done in 58.83 μs
[02:53:29] [Server thread/TRACE] [REI] [REICommonPlugin END] Reloading Section: "post-stage/EntryTypeRegistryImpl/"
[02:53:29] [Server thread/TRACE] [REI] [REICommonPlugin END] Reloading Section: "post-stage/EntryTypeRegistryImpl/" done in 52.65 μs
[02:53:29] [Server thread/TRACE] [REI] [REICommonPlugin END] Reloading Section: "post-stage/EntrySettingsAdapterRegistryImpl/"
[02:53:29] [Server thread/TRACE] [REI] [REICommonPlugin END] Reloading Section: "post-stage/EntrySettingsAdapterRegistryImpl/" done in 71.23 μs
[02:53:29] [Server thread/TRACE] [REI] [REICommonPlugin END] Reloading Section: "post-stage/ItemComparatorRegistryImpl/"
[02:53:29] [Server thread/TRACE] [REI] [REICommonPlugin END] Reloading Section: "post-stage/ItemComparatorRegistryImpl/" done in 57.67 μs
[02:53:29] [Server thread/TRACE] [REI] [REICommonPlugin END] Reloading Section: "post-stage/FluidComparatorRegistryImpl/"
[02:53:29] [Server thread/TRACE] [REI] [REICommonPlugin END] Reloading Section: "post-stage/FluidComparatorRegistryImpl/" done in 58.68 μs
[02:53:29] [Server thread/TRACE] [REI] [REICommonPlugin END] Reloading Section: "post-stage/DisplaySerializerRegistryImpl/"
[02:53:29] [Server thread/TRACE] [REI] [REICommonPlugin END] Reloading Section: "post-stage/DisplaySerializerRegistryImpl/" done in 29.29 μs
[02:53:29] [Server thread/TRACE] [REI] [REICommonPlugin END] Reloading Section: "post-stage/ServerDisplayRegistryImpl/"
[02:53:29] [Server thread/TRACE] [REI] [REICommonPlugin END] Reloading Section: "post-stage/ServerDisplayRegistryImpl/" done in 28.15 μs
[02:53:29] [Server thread/TRACE] [REI] [REICommonPlugin END] Reloading Section: "post-stage/FluidSupportProviderImpl/"
[02:53:29] [Server thread/TRACE] [REI] [REICommonPlugin END] Reloading Section: "post-stage/FluidSupportProviderImpl/" done in 31.13 μs
[02:53:29] [Server thread/TRACE] [REI] [REICommonPlugin END] Reloading Section: "post-stage/" done in 1.275 ms
[02:53:29] [Server thread/DEBUG] [REI] ========================================
[02:53:29] [Server thread/INFO] [REI] REICommonPlugin finished post-reload for END in 4.898 ms, totaling 278.9 ms.
[02:53:29] [Server thread/DEBUG] [REI] ========================================
[02:53:39] [Server thread/DEBUG] [REI] Updating players with new displays version CAAD73300000001 [from CAAD73300000000]
[02:53:40] [Server thread/DEBUG] [REI] Player isarahrose has outdated displays version 0 [latest version: CAAD73300000001]
[02:53:40] [Server thread/DEBUG] [REI] Player isarahrose has outdated displays version 0 [latest version: CAAD73300000001], sending reset packet request.
[02:53:48] [Server thread/DEBUG] [REI] Player Vessbutblocky has outdated displays version 0 [latest version: CAAD73300000001]
[02:53:48] [Server thread/DEBUG] [REI] Player Vessbutblocky has outdated displays version 0 [latest version: CAAD73300000001], sending reset packet request.
[02:53:58] [Server thread/DEBUG] [REI] Player Cangu_12 has outdated displays version 0 [latest version: CAAD73300000001]
[02:53:58] [Server thread/DEBUG] [REI] Player Cangu_12 has outdated displays version 0 [latest version: CAAD73300000001], sending reset packet request.
[02:54:05] [Server thread/DEBUG] [REI] Player Akamory has outdated displays version 0 [latest version: CAAD73300000001]
[02:54:05] [Server thread/DEBUG] [REI] Player Akamory has outdated displays version 0 [latest version: CAAD73300000001], sending reset packet request.
[02:56:07] [Server thread/DEBUG] [REI] Player AlterJextroll96 has outdated displays version 0 [latest version: CAAD73300000001]
[02:56:07] [Server thread/DEBUG] [REI] Player AlterJextroll96 has outdated displays version 0 [latest version: CAAD73300000001], sending reset packet request.
[02:58:05] [Server thread/DEBUG] [REI] Player RainbowCat_uwu has outdated displays version 0 [latest version: CAAD73300000001]
[02:58:05] [Server thread/DEBUG] [REI] Player RainbowCat_uwu has outdated displays version 0 [latest version: CAAD73300000001], sending reset packet request.
[02:58:07] [Server thread/DEBUG] [REI] Player Cangu_12 has outdated displays version 0 [latest version: CAAD73300000001]
[02:58:07] [Server thread/DEBUG] [REI] Player Cangu_12 has outdated displays version 0 [latest version: CAAD73300000001], sending reset packet request.
[03:00:23] [Server thread/DEBUG] [REI] Player Cangu_12 has outdated displays version 0 [latest version: CAAD73300000001]
[03:00:23] [Server thread/DEBUG] [REI] Player Cangu_12 has outdated displays version 0 [latest version: CAAD73300000001], sending reset packet request.
[03:01:26] [Server thread/DEBUG] [REI] Player Vessbutblocky has outdated displays version 0 [latest version: CAAD73300000001]
[03:01:26] [Server thread/DEBUG] [REI] Player Vessbutblocky has outdated displays version 0 [latest version: CAAD73300000001], sending reset packet request.
[03:03:32] [Server thread/DEBUG] [REI] Player Akamory has outdated displays version 0 [latest version: CAAD73300000001]
[03:03:32] [Server thread/DEBUG] [REI] Player Akamory has outdated displays version 0 [latest version: CAAD73300000001], sending reset packet request.
